******************************************************************************
             TMS320C2000 Linker Unix v16.9.1                   
******************************************************************************
>> Linked Sat May 20 16:37:00 2017

OUTPUT FILE NAME:   <sci_ex3_echoback.out>
ENTRY POINT SYMBOL: "_c_int00"  address: 0000b21b


MEMORY CONFIGURATION

         name            origin    length      used     unused   attr    fill
----------------------  --------  ---------  --------  --------  ----  --------
PAGE 0:
  BEGIN                 00000000   00000002  00000000  00000002  RWIX
  RAMM0                 00000122   000002de  000002de  00000000  RWIX
  RAMLS0                00008000   00000800  00000000  00000800  RWIX
  RAMLS1                00008800   00000800  00000000  00000800  RWIX
  RAMLS2                00009000   00000800  00000000  00000800  RWIX
  RAMLS3                00009800   00000800  00000000  00000800  RWIX
  RAMLS4                0000a000   00000800  00000000  00000800  RWIX
  RAMD0                 0000b000   00000800  000006a1  0000015f  RWIX
  RESET                 003fffc0   00000002  00000000  00000002  RWIX

PAGE 1:
  BOOT_RSVD             00000002   00000120  00000000  00000120  RWIX
  RAMM1                 00000400   00000400  00000100  00000300  RWIX
  RAMLS5                0000a800   00000800  0000032a  000004d6  RWIX
  RAMD1                 0000b800   00000800  00000000  00000800  RWIX
  RAMGS0                0000c000   00001000  00000000  00001000  RWIX
  RAMGS1                0000d000   00001000  00000000  00001000  RWIX
  RAMGS2                0000e000   00001000  00000000  00001000  RWIX
  RAMGS3                0000f000   00001000  00000000  00001000  RWIX
  RAMGS4                00010000   00001000  00000000  00001000  RWIX
  RAMGS5                00011000   00001000  00000000  00001000  RWIX
  RAMGS6                00012000   00001000  00000000  00001000  RWIX
  RAMGS7                00013000   00001000  00000000  00001000  RWIX
  RAMGS8                00014000   00001000  00000000  00001000  RWIX
  RAMGS9                00015000   00001000  00000000  00001000  RWIX
  RAMGS10               00016000   00001000  00000000  00001000  RWIX
  RAMGS11               00017000   00001000  00000000  00001000  RWIX
  RAMGS12               00018000   00001000  00000000  00001000  RWIX
  RAMGS13               00019000   00001000  00000000  00001000  RWIX
  RAMGS14               0001a000   00001000  00000000  00001000  RWIX
  RAMGS15               0001b000   00001000  00000000  00001000  RWIX
  CPU2TOCPU1RAM         0003f800   00000400  00000000  00000400  RWIX
  CPU1TOCPU2RAM         0003fc00   00000400  00000000  00000400  RWIX
  CANA_MSG_RAM          00049000   00000800  00000000  00000800  RWIX
  CANB_MSG_RAM          0004b000   00000800  00000000  00000800  RWIX


SECTION ALLOCATION MAP

 output                                  attributes/
section   page    origin      length       input sections
--------  ----  ----------  ----------   ----------------
.cinit     0    00000122    0000001e     
                  00000122    0000000e     rts2800_fpu32.lib : exit.obj (.cinit)
                  00000130    00000005                       : _lock.obj (.cinit:__lock)
                  00000135    00000005                       : _lock.obj (.cinit:__unlock)
                  0000013a    00000004     sci_ex3_echoback.obj (.cinit)
                  0000013e    00000002     --HOLE-- [fill = 0]

.pinit     0    00000122    00000000     UNINITIALIZED

.reset     0    003fffc0    00000002     DSECT
                  003fffc0    00000002     rts2800_fpu32.lib : boot28.obj (.reset)

.stack     1    00000400    00000100     UNINITIALIZED
                  00000400    00000100     --HOLE--

.econst    1    0000a800    0000031f     
                  0000a800    000000c8     driverlib.lib : gpio.obj (.econst:.string)
                  0000a8c8    000000c7                   : sci.obj (.econst:.string)
                  0000a98f    00000001     --HOLE-- [fill = 0]
                  0000a990    000000ac     sci_ex3_echoback.obj (.econst:.string)
                  0000aa3c    00000069     driverlib.lib : interrupt.obj (.econst:.string)
                  0000aaa5    00000001     --HOLE-- [fill = 0]
                  0000aaa6    00000066                   : sysctl.obj (.econst:.string)
                  0000ab0c    00000013     device.obj (.econst:.string)

.ebss      1    0000ab20    0000000b     UNINITIALIZED
                  0000ab20    00000006     rts2800_fpu32.lib : exit.obj (.ebss)
                  0000ab26    00000002                       : _lock.obj (.ebss:__lock)
                  0000ab28    00000002                       : _lock.obj (.ebss:__unlock)
                  0000ab2a    00000001     sci_ex3_echoback.obj (.ebss)

.TI.ramfunc 
*          0    00000140    00000004     
                  00000140    00000004     driverlib.lib : sysctl.obj (.TI.ramfunc)

GETBUFFER 
*          0    0003f800    00000000     DSECT

GETWRITEIDX 
*          0    0003f800    00000000     DSECT

PUTREADIDX 
*          0    0003f800    00000000     DSECT

.text.1    0    00000144    000002bc     
                  00000144    000001da     device.obj (.text)
                  0000031e    000000ba     driverlib.lib : sysctl.obj (.text:_SysCtl_setClock)
                  000003d8    00000024     rts2800_fpu32.lib : cpy_tbl.obj (.text)
                  000003fc    00000002     driverlib.lib : interrupt.obj (.text:_Interrupt_illegalOperationHandler)
                  000003fe    00000002                   : interrupt.obj (.text:_Interrupt_nmiHandler)

.text.2    0    0000b000    000006a1     
                  0000b000    000001ad     sci_ex3_echoback.obj (.text)
                  0000b1ad    0000006e     driverlib.lib : sysctl.obj (.text:_SysCtl_getClock)
                  0000b21b    00000056     rts2800_fpu32.lib : boot28.obj (.text)
                  0000b271    00000054     driverlib.lib : interrupt.obj (.text:_Interrupt_initModule)
                  0000b2c5    00000052                   : gpio.obj (.text:_GPIO_setPadConfig)
                  0000b317    0000004d                   : sysctl.obj (.text:_SysCtl_selectOscSource)
                  0000b364    00000046                   : sci.obj (.text:_SCI_clearInterruptStatus)
                  0000b3aa    00000041                   : sci.obj (.text:_SCI_writeCharArray)
                  0000b3eb    00000040                   : sci.obj (.text:_SCI_setConfig)
                  0000b42b    0000003d                   : gpio.obj (.text:_GPIO_setPinConfig)
                  0000b468    00000038                   : gpio.obj (.text:_GPIO_setMasterCore)
                  0000b4a0    00000036                   : gpio.obj (.text:_GPIO_setQualificationMode)
                  0000b4d6    00000031                   : gpio.obj (.text:_GPIO_setDirectionMode)
                  0000b507    00000029     rts2800_fpu32.lib : exit.obj (.text)
                  0000b530    00000022     driverlib.lib : sci.obj (.text:_SCI_isFIFOEnabled)
                  0000b552    00000020                   : interrupt.obj (.text:_Interrupt_initVectorTable)
                  0000b572    0000001f                   : sci.obj (.text:_SCI_isBaseValid)
                  0000b591    0000001e     rts2800_fpu32.lib : memcpy.obj (.text)
                  0000b5af    0000001b     driverlib.lib : sci.obj (.text:_SCI_isSpaceAvailableNonFIFO)
                  0000b5ca    0000001a                   : sysctl.obj (.text:_SysCtl_getLowSpeedClock)
                  0000b5e4    00000019                   : sci.obj (.text:_SCI_disableModule)
                  0000b5fd    00000019                   : sci.obj (.text:_SCI_performSoftwareReset)
                  0000b616    00000019     rts2800_fpu32.lib : args_main.obj (.text)
                  0000b62f    00000015     driverlib.lib : sci.obj (.text:_SCI_getTxFIFOStatus)
                  0000b644    00000014                   : sci.obj (.text:_SCI_enableModule)
                  0000b658    0000000e                   : gpio.obj (.text:_GPIO_isPinValid)
                  0000b666    0000000e                   : interrupt.obj (.text:_Interrupt_defaultHandler)
                  0000b674    0000000d                   : interrupt.obj (.text:_Interrupt_disableMaster)
                  0000b681    0000000b                   : sysctl.obj (.text:_SysCtl_isMCDClockFailureDetected)
                  0000b68c    00000009                   : sysctl.obj (.text:_SysCtl_serviceWatchdog)
                  0000b695    00000009     rts2800_fpu32.lib : _lock.obj (.text)
                  0000b69e    00000002                       : pre_init.obj (.text)
                  0000b6a0    00000001                       : startup.obj (.text)

MODULE SUMMARY

       Module                 code   initialized data   uninitialized data
       ------                 ----   ----------------   ------------------
    ./
       sci_ex3_echoback.obj   429    176                1                 
    +--+----------------------+------+------------------+--------------------+
       Total:                 429    176                1                 
                                                                          
    ./device/
       device.obj             474    19                 0                 
    +--+----------------------+------+------------------+--------------------+
       Total:                 474    19                 0                 
                                                                          
    ../driverlib.lib
       sci.obj                382    199                0                 
       sysctl.obj             423    102                0                 
       gpio.obj               316    200                0                 
       interrupt.obj          147    105                0                 
    +--+----------------------+------+------------------+--------------------+
       Total:                 1268   606                0                 
                                                                          
    /opt/ti/ccsv7/tools/compiler/ti-cgt-c2000_16.9.1.LTS/lib/rts2800_fpu32.lib
       boot28.obj             86     0                  0                 
       exit.obj               41     14                 6                 
       cpy_tbl.obj            36     0                  0                 
       memcpy.obj             30     0                  0                 
       args_main.obj          25     0                  0                 
       _lock.obj              9      10                 4                 
       pre_init.obj           2      0                  0                 
       startup.obj            1      0                  0                 
    +--+----------------------+------+------------------+--------------------+
       Total:                 230    24                 10                
                                                                          
       Stack:                 0      0                  256               
    +--+----------------------+------+------------------+--------------------+
       Grand Total:           2401   825                267               


GLOBAL DATA SYMBOLS: SORTED BY DATA PAGE

address     data page           name
--------    ----------------    ----
00000400      10 (00000400)     __stack

0000ab20     2ac (0000ab00)     ___TI_enable_exit_profile_output
0000ab22     2ac (0000ab00)     ___TI_cleanup_ptr
0000ab24     2ac (0000ab00)     ___TI_dtors_ptr
0000ab26     2ac (0000ab00)     __lock
0000ab28     2ac (0000ab00)     __unlock
0000ab2a     2ac (0000ab00)     _loopCounter


GLOBAL SYMBOLS: SORTED ALPHABETICALLY BY Name 

page  address   name                                      
----  -------   ----                                      
abs   ffffffff  .text                                     
0     0000b507  C$$EXIT                                   
0     000001b7  _Device_enableAllPeripherals              
0     00000301  _Device_enableUnbondedGPIOPullups         
0     000002de  _Device_enableUnbondedGPIOPullupsFor100Pin
0     000002c7  _Device_enableUnbondedGPIOPullupsFor176Pin
0     00000186  _Device_init                              
0     000002a6  _Device_initGPIO                          
0     0000b4d6  _GPIO_setDirectionMode                    
0     0000b468  _GPIO_setMasterCore                       
0     0000b2c5  _GPIO_setPadConfig                        
0     0000b42b  _GPIO_setPinConfig                        
0     0000b4a0  _GPIO_setQualificationMode                
0     0000b271  _Interrupt_initModule                     
0     0000b552  _Interrupt_initVectorTable                
0     0000b364  _SCI_clearInterruptStatus                 
0     0000b3eb  _SCI_setConfig                            
0     0000b3aa  _SCI_writeCharArray                       
0     00000140  _SysCtl_delay                             
0     0000b1ad  _SysCtl_getClock                          
0     0000b5ca  _SysCtl_getLowSpeedClock                  
0     0000b317  _SysCtl_selectOscSource                   
0     0000031e  _SysCtl_setClock                          
1     00000500  __STACK_END                               
abs   00000100  __STACK_SIZE                              
1     0000ab22  ___TI_cleanup_ptr                         
1     0000ab24  ___TI_dtors_ptr                           
1     0000ab20  ___TI_enable_exit_profile_output          
abs   ffffffff  ___TI_pprof_out_hndl                      
abs   ffffffff  ___TI_prof_data_size                      
abs   ffffffff  ___TI_prof_data_start                     
abs   ffffffff  ___binit__                                
abs   ffffffff  ___c_args__                               
0     00000122  ___cinit__                                
0     00000317  ___error__                                
abs   ffffffff  ___etext__                                
abs   ffffffff  ___pinit__                                
abs   ffffffff  ___text__                                 
0     0000b616  __args_main                               
1     0000ab26  __lock                                    
0     0000b69d  __nop                                     
0     0000b699  __register_lock                           
0     0000b695  __register_unlock                         
1     00000400  __stack                                   
0     0000b6a0  __system_post_cinit                       
0     0000b69e  __system_pre_init                         
1     0000ab28  __unlock                                  
0     0000b507  _abort                                    
0     0000b21b  _c_int00                                  
0     000003d8  _copy_in                                  
0     0000b509  _exit                                     
1     0000ab2a  _loopCounter                              
0     0000b10b  _main                                     
0     0000b591  _memcpy                                   
abs   ffffffff  binit                                     
0     00000122  cinit                                     
abs   ffffffff  etext                                     
abs   ffffffff  pinit                                     


GLOBAL SYMBOLS: SORTED BY Symbol Address 

page  address   name                                      
----  -------   ----                                      
0     00000122  ___cinit__                                
0     00000122  cinit                                     
0     00000140  _SysCtl_delay                             
0     00000186  _Device_init                              
0     000001b7  _Device_enableAllPeripherals              
0     000002a6  _Device_initGPIO                          
0     000002c7  _Device_enableUnbondedGPIOPullupsFor176Pin
0     000002de  _Device_enableUnbondedGPIOPullupsFor100Pin
0     00000301  _Device_enableUnbondedGPIOPullups         
0     00000317  ___error__                                
0     0000031e  _SysCtl_setClock                          
0     000003d8  _copy_in                                  
0     0000b10b  _main                                     
0     0000b1ad  _SysCtl_getClock                          
0     0000b21b  _c_int00                                  
0     0000b271  _Interrupt_initModule                     
0     0000b2c5  _GPIO_setPadConfig                        
0     0000b317  _SysCtl_selectOscSource                   
0     0000b364  _SCI_clearInterruptStatus                 
0     0000b3aa  _SCI_writeCharArray                       
0     0000b3eb  _SCI_setConfig                            
0     0000b42b  _GPIO_setPinConfig                        
0     0000b468  _GPIO_setMasterCore                       
0     0000b4a0  _GPIO_setQualificationMode                
0     0000b4d6  _GPIO_setDirectionMode                    
0     0000b507  C$$EXIT                                   
0     0000b507  _abort                                    
0     0000b509  _exit                                     
0     0000b552  _Interrupt_initVectorTable                
0     0000b591  _memcpy                                   
0     0000b5ca  _SysCtl_getLowSpeedClock                  
0     0000b616  __args_main                               
0     0000b695  __register_unlock                         
0     0000b699  __register_lock                           
0     0000b69d  __nop                                     
0     0000b69e  __system_pre_init                         
0     0000b6a0  __system_post_cinit                       
1     00000400  __stack                                   
1     00000500  __STACK_END                               
1     0000ab20  ___TI_enable_exit_profile_output          
1     0000ab22  ___TI_cleanup_ptr                         
1     0000ab24  ___TI_dtors_ptr                           
1     0000ab26  __lock                                    
1     0000ab28  __unlock                                  
1     0000ab2a  _loopCounter                              
abs   00000100  __STACK_SIZE                              
abs   ffffffff  .text                                     
abs   ffffffff  ___TI_pprof_out_hndl                      
abs   ffffffff  ___TI_prof_data_size                      
abs   ffffffff  ___TI_prof_data_start                     
abs   ffffffff  ___binit__                                
abs   ffffffff  ___c_args__                               
abs   ffffffff  ___etext__                                
abs   ffffffff  ___pinit__                                
abs   ffffffff  ___text__                                 
abs   ffffffff  binit                                     
abs   ffffffff  etext                                     
abs   ffffffff  pinit                                     

[58 symbols]
